Clear Body
• First introduced in generation III
• Effect: Prevents stats from being lowered by other Pokémon.