┏━━━━━━━━━━━━━━━━━━━━━━━━━━━━━━┓
┃                              ┃
┃  Latest available version:   ┃
┃  • v1.6.0                    ┃
┃                              ┃
┗━━━━━━━━━━━━━━━━━━━━━━━━━━━━━━┛
