╭──────────────────────────────────────╮
│Error!                                │
│Move not found.                       │
│• Perhaps a typo?                     │
│• Missing a hyphen instead of a space?│
╰──────────────────────────────────────╯