╭──────────────────────────────╮
│Get details about all natures.│
│                              │
│ USAGE:                       │
│    poke-cli natures          │
╰──────────────────────────────╯