╭────────────────────────────────────────────╮
│Error!                                      │
│The only currently available options        │
│after <natures> command are '-h' or '--help'│
╰────────────────────────────────────────────╯
