Your selected Pokémon: Victini
                              
   Psychic          Fire      

• National Pokédex #: 494
• Weight: 4.0kg (8.8 lbs)
• Height: 0.4m (1′04″)
