Your selected Pokémon: Metagross
• National Pokédex #: 376
• Weight: 550.0kg (1212.5 lbs)
• Height: 5.2m (5′03″)
─────────
Abilities
Ability 1: Clear Body
Hidden Ability: Light Metal
