╭─────────────────────────────╮
│✖ Error!                     │
│Empty flag '--'.             │
│Please specify valid flag(s).│
╰─────────────────────────────╯