Your selected Pokémon: Floatzel
• National Pokédex #: 419
• Weight: 33.5kg (73.9 lbs)
• Height: 3.6m (3′07″)
─────
Image
╭───────────────────────────╮
│Error!                     │
│Invalid image size.        │
│Valid sizes are: lg, md, sm│
╰───────────────────────────╯
