Your selected Pokémon: Armarouge
• National Pokédex #: 936
• Weight: 85.0kg (187.4 lbs)
• Height: 4.9m (4′11″)
──────
Typing
Type 1: Fire
Type 2: Psychic
