╭────────────────────────────────────╮
│✖ Error!                            │
│The only available options after the│
│<speed> command are '-h' or '--help'│
╰────────────────────────────────────╯